MPLINK 4.46, Linker
Linker Map File - Created Thu Sep 12 12:29:17 2019

                                 Section Info
                  Section       Type    Address   Location Size(Bytes)
                ---------  ---------  ---------  ---------  ---------
                   .org_0       code   0x000000    program   0x000000
                   .org_1       code   0x000000    program   0x000002
                   .org_2       code   0x000005    program   0x000026



                              Program Memory Usage 
                               Start         End      
                           ---------   ---------      
                            0x000000    0x000000      
                            0x000005    0x000017      
            20 out of 8454 program addresses used, program memory utilization is 0%



                              Symbols - Sorted by Name
                     Name    Address   Location    Storage File                     
                ---------  ---------  ---------  --------- ---------                
                   apagar   0x000013    program     static C:\Users\Micros\Desktop\Práctica 3\prog1.asm
                    ciclo   0x000010    program     static C:\Users\Micros\Desktop\Práctica 3\prog1.asm
                 encender   0x000015    program     static C:\Users\Micros\Desktop\Práctica 3\prog1.asm
                   inicio   0x000005    program     static C:\Users\Micros\Desktop\Práctica 3\prog1.asm



                              Symbols - Sorted by Address
                     Name    Address   Location    Storage File                     
                ---------  ---------  ---------  --------- ---------                
                   inicio   0x000005    program     static C:\Users\Micros\Desktop\Práctica 3\prog1.asm
                    ciclo   0x000010    program     static C:\Users\Micros\Desktop\Práctica 3\prog1.asm
                   apagar   0x000013    program     static C:\Users\Micros\Desktop\Práctica 3\prog1.asm
                 encender   0x000015    program     static C:\Users\Micros\Desktop\Práctica 3\prog1.asm


