
K:\Ejemplos_2020-1\ej1_intflpta0.asm   Ensamblado con ENS08 el 21/08/2019 04:06:07 p. m.

0000                ptcd		      equ $04	    ;iguala ptcd al valor en memoria 0x0004
0000                ptcdd		      equ $05         ;iguala ptcdd al valor en memoria 0x0005
0000                ptape             equ $1840
0000                ptasc             equ $1844
0000                ptaps             equ $1845
0000                ptaes             equ $1846 
0000                ptad              equ $00

8000               		      org $8000       ;dirección inicial de carga del programa (RAM)
8000 A6FF           		      lda #$ff        ;a <-- $ff
8002 B705           		      sta ptcdd       ;se activa el puerto C como salida

8004                                 
8004 A602                             lda #$02
8006 C71844                           sta ptasc
8009 A601                             lda #$01
800B C71845                           sta ptaps       ;Flanco de bajada en pta0 detona interrupción
800E               ;                                  esto porque ptaes de dejará en su default

800E C71840                           sta ptape       ;pta0 tiene pull-up
8011                                 
8011               *                  bset 0,ptad





8011 9A                               cli

8012 4F                               clra
8013 B704           lazo:             sta ptcd
8015 4C                               inca
8016 CD802A                           jsr ret1seg
8019 20F8                             bra lazo

801B C61844         servfl:           lda ptasc
801E AA04                             ora #$04
8020 C71844                           sta ptasc       ;ptaack <-- 0,ptaif <-- 0
8023 6EAA04                           mov #$aa,ptcd
8026 CD802A                           jsr ret1seg
8029                                 
8029 80                               rti





802A 87             ret1seg:          psha            ;manda el acumulador a al SP
802B A628           			lda #$28        ;a <-- $28
802D CD8037         llamaret2:		jsr ret25ms     ;salta a ret25ms
8030 4A             			deca		    ;a = a-1
8031 A100           			cmp #$00	    ;comprara con $00
8033 26F8           			bne llamaret2   ;a no igual $00 salta a llamaret2
8035 86             			pula		    ;jala el acumulador a del SP
8036 81             			rts		    ;regresa a subrutina

8037 8B             ret25ms:          pshh		    ;manda el acumulador h al SP
8038 89             		 	pshx            ;manda el acumulador x al SP
8039 45C34D         			ldhx #$C34D     ;valor de retardo para 25 ms
803C 9D             vuelta:		nop             ;tiempo muerto
803D 9D             			nop             ;tiempo muerto
803E AFFF           			aix  #$ff	    ;hix = hix-1
8040 650000         			cphx #$0000     ;compara con $00
8043 26F7           			bne  vuelta     ;hix no igual $00 salta a vuelta
8045 9D             			nop             ;tiempo muerto
8046 88             			pulx            ;jala el acumulador x del SP
8047 8A             			pulh            ;jala el acumulador h del SP
8048 81                               rts		    ;regresa a subrutina

D7D6                                 org $d7d6
D7D6 801B                             dw servfl
D7D8                

D7D8                               



   TABLA DE SÍMBOLOS

       ETIQUETAS

LAZO                     8013
SERVFL                   801B
RET1SEG                  802A
LLAMARET2                802D
RET25MS                  8037
VUELTA                   803C

   ASIGNACIONES    EQU

PTCD                    $04
PTCDD                   $05
PTAPE                   $1840
PTASC                   $1844
PTAPS                   $1845
PTAES                   $1846
PTAD                    $00

