
E:\Ejemplos_2020-1\pr3_2020-1aut.ASM   Ensamblado con ENS08 el 27/08/2019 06:57:25 p. m.














0000                ed1 equ $a3
0000                ed2 equ $00
0000                ed3 equ $0f
0000                ed4 equ $f0 
0000                ptcd equ $04
0000                ptcdd equ $05
0000                sopt1 equ $1802

A000               			org $a000
A000 A621           			lda #$21
A002 C71802         			sta sopt1 ;deshabilita cop

A005 6EFF05         		mov #$ff,ptcdd ;ptcd es salida

A008 6EA304         loop: 	mov #ed1,ptcd
A00B CDA031         		jsr ret500ms
A00E CDA031         		jsr ret500ms

A011 6E0004         		mov #ed2,ptcd
A014 CDA031         		jsr ret500ms
A017               		
A017 6E0F04         		mov #ed3,ptcd
A01A CDA031         		jsr ret500ms
A01D CDA031         		jsr ret500ms
A020 CDA031         		jsr ret500ms
A023 CDA031         		jsr ret500ms

A026 6EF004         		mov #ed4,ptcd
A029 CDA031         		jsr ret500ms
A02C CDA031         		jsr ret500ms

A02F 20D7           		bra loop




A031 87             ret500ms:    psha
A032 A614                       lda #$14
A034 CDA03E         otro:       jsr ret25ms
A037 4A                         deca
A038 A100                       cmp #$00
A03A 26F8                       bne otro
A03C 86                         pula
A03D 81                         rts




A03E 8B             ret25ms:    pshh
A03F 89                         pshx
A040 45C34D                     ldhx #$c34d
A043 9D             vuelta:     nop
A044 9D                         nop
A045 AFFF                       aix #$ff
A047 650000                     cphx #$0000
A04A 26F7                       bne vuelta
A04C 9D                         nop
A04D 88                         pulx
A04E 8A                         pulh
A04F 81                         rts
A050               		
D7FE               		org $d7fe
D7FE A000           		dw $a000


   TABLA DE SÍMBOLOS

       ETIQUETAS

LOOP                     A008
RET500MS                 A031
OTRO                     A034
RET25MS                  A03E
VUELTA                   A043

   ASIGNACIONES    EQU

ED1                     $A3
ED2                     $00
ED3                     $0F
ED4                     $F0
PTCD                    $04
PTCDD                   $05
SOPT1                   $1802

